// Jest Snapshot v1, https://goo.gl/fbAQLP

exports[`<Login /> should render Login component correctly 1`] = `ShallowWrapper {}`;
